// Jest Snapshot v1, https://goo.gl/fbAQLP

exports[`ExpensesSummary - 1 expense - $9,523.40 1`] = `
<div>
  <h1>
    Viewing 
    1
     
    expense
     totalling 
    $9,523.40
  </h1>
</div>
`;
