// Jest Snapshot v1, https://goo.gl/fbAQLP

exports[`render Header 1`] = `
<header>
  <h1>
    Expensify
  </h1>
  <NavLink
    activeClassName="is-active"
    aria-current="page"
    exact={true}
    to="/dashboard"
  >
    Dashboard
  </NavLink>
  <NavLink
    activeClassName="is-active"
    aria-current="page"
    exact={true}
    to="/create"
  >
    Create Expense
  </NavLink>
  <button
    onClick={[MockFunction]}
    type="submit"
  >
    Logout
  </button>
</header>
`;
