// Jest Snapshot v1, https://goo.gl/fbAQLP

exports[`LoginPage snapshot 1`] = `
<div>
  <button
    onClick={[MockFunction]}
    type="submit"
  >
    Login
  </button>
</div>
`;
